{"level":"info","message":"iniciando la aplicacion","service":"app.js"}
{"level":"info","message":"iniciando la aplicacion","service":"app.js"}
{"level":"info","message":"iniciando la aplicacion","service":"app.js"}
{"level":"info","message":"iniciando la aplicacion","service":"app.js"}
{"level":"info","message":"iniciando la aplicacion","service":"app.js"}
{"level":"info","message":"iniciando la aplicacion","service":"app.js"}
{"level":"info","message":"iniciando la aplicacion","service":"app.js"}
{"level":"info","message":"iniciando la aplicacion","service":"app.js"}
{"level":"info","message":"iniciando la aplicacion","service":"app.js"}
{"level":"error","message":"error esto es algo malo","service":"app.js"}
{"level":"info","message":"iniciando la aplicacion","service":"app.js","timestamp":"2025-09-26T13:37:40.674Z"}
{"level":"error","message":"error esto es algo malo","service":"app.js","timestamp":"2025-09-26T13:37:40.676Z"}
{"level":"info","message":"iniciando la aplicacion","service":"app.js","timestamp":"2025-09-26T13:38:21.594Z"}
{"level":"error","message":"error esto es algo malo","service":"app.js","timestamp":"2025-09-26T13:38:21.596Z"}
{"level":"info","message":"iniciando la aplicacion","service":"app.js","timestamp":"2025-09-26T13:39:12.564Z"}
{"level":"error","message":"error esto es algo malo","service":"app.js","timestamp":"2025-09-26T13:39:12.566Z"}
{"level":"info","message":"iniciando la aplicacion","service":"app.js","timestamp":"2025-09-26T13:43:36.560Z"}
{"level":"error","message":"error esto es algo malo","service":"app.js","timestamp":"2025-09-26T13:43:36.562Z"}
{"level":"error","message":"warning esto es una advertencia","service":"app.js","timestamp":"2025-09-26T13:43:36.562Z"}
{"level":"info","message":"iniciando la aplicacion","service":"app.js","timestamp":"2025-09-26T13:43:47.638Z"}
{"level":"error","message":"error esto es algo malo","service":"app.js","timestamp":"2025-09-26T13:43:47.640Z"}
{"level":"error","message":"warning esto es una advertencia","service":"app.js","timestamp":"2025-09-26T13:43:47.641Z"}
{"level":"info","message":"iniciando la aplicacion","service":"app.js","timestamp":"2025-09-26T13:46:10.107Z"}
{"level":"error","message":"error esto es algo malo","service":"app.js","timestamp":"2025-09-26T13:46:10.110Z"}
{"level":"warn","message":"warning esto es una advertencia","service":"app.js","timestamp":"2025-09-26T13:46:10.110Z"}
{"level":"info","message":"iniciando la aplicacion","service":"app.js","timestamp":"2025-09-26T13:46:24.898Z"}
{"level":"error","message":"error esto es algo malo","service":"app.js","timestamp":"2025-09-26T13:46:24.901Z"}
{"level":"warn","message":"warning esto es una advertencia","service":"app.js","timestamp":"2025-09-26T13:46:24.902Z"}
{"level":"info","message":"iniciando la aplicacion","service":"app.js","timestamp":"2025-09-26T13:46:33.981Z"}
{"level":"error","message":"error esto es algo malo","service":"app.js","timestamp":"2025-09-26T13:46:33.983Z"}
{"level":"warn","message":"warning esto es una advertencia","service":"app.js","timestamp":"2025-09-26T13:46:33.983Z"}
{"level":"info","message":"iniciando la aplicacion","service":"app.js","timestamp":"2025-09-26T13:46:50.259Z"}
{"level":"error","message":"error esto es algo malo","service":"app.js","timestamp":"2025-09-26T13:46:50.261Z"}
{"level":"warn","message":"warning esto es una advertencia","service":"app.js","timestamp":"2025-09-26T13:46:50.262Z"}
{"level":"error","message":"error: esto es algo malo","service":"app.js","timestamp":"2025-09-26T13:47:23.907Z"}
{"level":"warn","message":"warning: esto es una advertencia","service":"app.js","timestamp":"2025-09-26T13:47:23.907Z"}
{"level":"error","message":"error: esto es algo malo","service":"app.js","timestamp":"2025-09-26T13:56:09.208Z"}
{"level":"warn","message":"warning: esto es una advertencia","service":"app.js","timestamp":"2025-09-26T13:56:09.209Z"}
{"level":"error","message":"error: esto es algo malo","service":"app.js","timestamp":"2025-10-01T15:23:18.190Z"}
{"level":"warn","message":"warning: esto es una advertencia","service":"app.js","timestamp":"2025-10-01T15:23:18.191Z"}
{"level":"error","message":"error: esto es algo malo","service":"app.js","timestamp":"2025-10-01T15:38:55.218Z"}
{"level":"warn","message":"warning: esto es una advertencia","service":"app.js","timestamp":"2025-10-01T15:38:55.219Z"}
{"level":"info","message":"test message","service":"test service","timestamp":"2025-10-02T15:53:54.937Z"}
{"level":"info","message":"test message","service":"test service","timestamp":"2025-10-02T15:59:50.090Z"}
{"level":"info","message":"test message","service":"test service","timestamp":"2025-10-02T16:01:51.375Z"}
{"level":"info","message":"test message","service":"test service","timestamp":"2025-10-02T19:23:52.010Z"}
{"level":"info","message":"test message","service":"test service","timestamp":"2025-10-02T19:31:17.392Z"}
{"level":"info","message":"test message","service":"test service","timestamp":"2025-10-02T19:32:12.827Z"}
{"level":"info","message":"test message","service":"test service","timestamp":"2025-10-02T19:33:51.089Z"}
{"level":"info","message":"test message","service":"test service","timestamp":"2025-10-02T19:58:56.811Z"}
{"level":"info","message":"test message","service":"test service","timestamp":"2025-10-03T12:04:06.551Z"}
